 Entering Gaussian System, Link 0=g09
 Initial command:
 /usr/local/apps/g09/g09/l1.exe /wrk/rdj3/Gau-11283.inp -scrdir=/wrk/rdj3/
 Entering Link 1 = /usr/local/apps/g09/g09/l1.exe PID=     11285.
  
 Copyright (c) 1988,1990,1992,1993,1995,1998,2003,2009,2010,
            Gaussian, Inc.  All Rights Reserved.
  
 This is part of the Gaussian(R) 09 program.  It is based on
 the Gaussian(R) 03 system (copyright 2003, Gaussian, Inc.),
 the Gaussian(R) 98 system (copyright 1998, Gaussian, Inc.),
 the Gaussian(R) 94 system (copyright 1995, Gaussian, Inc.),
 the Gaussian 92(TM) system (copyright 1992, Gaussian, Inc.),
 the Gaussian 90(TM) system (copyright 1990, Gaussian, Inc.),
 the Gaussian 88(TM) system (copyright 1988, Gaussian, Inc.),
 the Gaussian 86(TM) system (copyright 1986, Carnegie Mellon
 University), and the Gaussian 82(TM) system (copyright 1983,
 Carnegie Mellon University). Gaussian is a federally registered
 trademark of Gaussian, Inc.
  
 This software contains proprietary and confidential information,
 including trade secrets, belonging to Gaussian, Inc.
  
 This software is provided under written license and may be
 used, copied, transmitted, or stored only in accord with that
 written license.
  
 The following legend is applicable only to US Government
 contracts under FAR:
  
                    RESTRICTED RIGHTS LEGEND
  
 Use, reproduction and disclosure by the US Government is
 subject to restrictions as set forth in subparagraphs (a)
 and (c) of the Commercial Computer Software - Restricted
 Rights clause in FAR 52.227-19.
  
 Gaussian, Inc.
 340 Quinnipiac St., Bldg. 40, Wallingford CT 06492
  
  
 ---------------------------------------------------------------
 Warning -- This program may not be used in any manner that
 competes with the business of Gaussian, Inc. or will provide
 assistance to any competitor of Gaussian, Inc.  The licensee
 of this program is prohibited from giving any competitor of
 Gaussian, Inc. access to this program.  By using this program,
 the user acknowledges that Gaussian, Inc. is engaged in the
 business of creating and licensing software in the field of
 computational chemistry and represents and warrants to the
 licensee that it is not a competitor of Gaussian, Inc. and that
 it will not use this program in any manner prohibited above.
 ---------------------------------------------------------------
  

 Cite this work as:
 Gaussian 09, Revision B.01,
 M. J. Frisch, G. W. Trucks, H. B. Schlegel, G. E. Scuseria, 
 M. A. Robb, J. R. Cheeseman, G. Scalmani, V. Barone, B. Mennucci, 
 G. A. Petersson, H. Nakatsuji, M. Caricato, X. Li, H. P. Hratchian, 
 A. F. Izmaylov, J. Bloino, G. Zheng, J. L. Sonnenberg, M. Hada, 
 M. Ehara, K. Toyota, R. Fukuda, J. Hasegawa, M. Ishida, T. Nakajima, 
 Y. Honda, O. Kitao, H. Nakai, T. Vreven, J. A. Montgomery, Jr., 
 J. E. Peralta, F. Ogliaro, M. Bearpark, J. J. Heyd, E. Brothers, 
 K. N. Kudin, V. N. Staroverov, T. Keith, R. Kobayashi, J. Normand, 
 K. Raghavachari, A. Rendell, J. C. Burant, S. S. Iyengar, J. Tomasi, 
 M. Cossi, N. Rega, J. M. Millam, M. Klene, J. E. Knox, J. B. Cross, 
 V. Bakken, C. Adamo, J. Jaramillo, R. Gomperts, R. E. Stratmann, 
 O. Yazyev, A. J. Austin, R. Cammi, C. Pomelli, J. W. Ochterski, 
 R. L. Martin, K. Morokuma, V. G. Zakrzewski, G. A. Voth, 
 P. Salvador, J. J. Dannenberg, S. Dapprich, A. D. Daniels, 
 O. Farkas, J. B. Foresman, J. V. Ortiz, J. Cioslowski, 
 and D. J. Fox, Gaussian, Inc., Wallingford CT, 2010.
 
 ******************************************
 Gaussian 09:  EM64L-G09RevB.01 12-Aug-2010
                14-Mar-2014 
 ******************************************
 %NProc=8
 Will use up to    8 processors via shared memory.
 %mem=424000000
 ---------------------
 #B3LYP/6-31G* scf=xqc
 ---------------------
 1/38=1/1;
 2/12=2,17=6,18=5,40=1/2;
 3/5=1,6=6,7=1,11=2,16=1,25=1,30=1,74=-5/1,2,3;
 4//1;
 5/5=2,8=3,13=1,38=5/2,8;
 6/7=2,8=2,9=2,10=2,28=1/1;
 99/5=1,9=1/99;
 ----------------------------------------------------------------------
 triazine135 1,3,5-Triazine casno=290879 state=1 config=1 method=8 basi
 s=1
 ----------------------------------------------------------------------
 Symbolic Z-matrix:
 Charge =  1 Multiplicity = 2
 C                     0.        1.29421   0. 
 C                     1.12081  -0.6471    0. 
 C                    -1.12081  -0.6471    0. 
 N                     0.       -1.37599   0. 
 N                     1.19164   0.688     0. 
 N                    -1.19164   0.688     0. 
 H                     0.        2.38283   0. 
 H                     2.06359  -1.19141   0. 
 H                    -2.06359  -1.19141   0. 
 
                          Input orientation:                          
 ---------------------------------------------------------------------
 Center     Atomic      Atomic             Coordinates (Angstroms)
 Number     Number       Type             X           Y           Z
 ---------------------------------------------------------------------
      1          6           0        0.000000    1.294205    0.000000
      2          6           0        1.120814   -0.647102    0.000000
      3          6           0       -1.120814   -0.647102    0.000000
      4          7           0        0.000000   -1.375990    0.000000
      5          7           0        1.191642    0.687995    0.000000
      6          7           0       -1.191642    0.687995    0.000000
      7          1           0        0.000000    2.382828    0.000000
      8          1           0        2.063590   -1.191414    0.000000
      9          1           0       -2.063590   -1.191414    0.000000
 ---------------------------------------------------------------------
                    Distance matrix (angstroms):
                    1          2          3          4          5
     1  C    0.000000
     2  C    2.241628   0.000000
     3  C    2.241628   2.241628   0.000000
     4  N    2.670195   1.336975   1.336975   0.000000
     5  N    1.336975   1.336974   2.670194   2.383284   0.000000
     6  N    1.336975   2.670194   1.336974   2.383284   2.383284
     7  H    1.088623   3.230588   3.230588   3.758818   2.071828
     8  H    3.230589   1.088624   3.230589   2.071828   2.071828
     9  H    3.230589   3.230589   1.088624   2.071828   3.758818
                    6          7          8          9
     6  N    0.000000
     7  H    2.071828   0.000000
     8  H    3.758818   4.127179   0.000000
     9  H    2.071828   4.127179   4.127180   0.000000
 Stoichiometry    C3H3N3(1+,2)
 Framework group  C3H[SGH(C3H3N3)]
 Deg. of freedom     5
 Full point group                 C3H     NOp   6
 Largest Abelian subgroup         CS      NOp   2
 Largest concise Abelian subgroup C1      NOp   1
                         Standard orientation:                         
 ---------------------------------------------------------------------
 Center     Atomic      Atomic             Coordinates (Angstroms)
 Number     Number       Type             X           Y           Z
 ---------------------------------------------------------------------
      1          6           0        0.647102    1.120814    0.000000
      2          6           0        0.647102   -1.120814    0.000000
      3          6           0       -1.294205    0.000000    0.000000
      4          7           0       -0.687995   -1.191642    0.000000
      5          7           0        1.375990    0.000000    0.000000
      6          7           0       -0.687995    1.191642    0.000000
      7          1           0        1.191414    2.063590    0.000000
      8          1           0        1.191414   -2.063589    0.000000
      9          1           0       -2.382828    0.000000    0.000000
 ---------------------------------------------------------------------
 Rotational constants (GHZ):      6.4377936      6.4377936      3.2188968
 Standard basis: 6-31G(d) (6D, 7F)
 There are    72 symmetry adapted basis functions of A'  symmetry.
 There are    24 symmetry adapted basis functions of A"  symmetry.
 Integral buffers will be    131072 words long.
 Raffenetti 2 integral format.
 Two-electron integral symmetry is turned on.
    96 basis functions,   180 primitive gaussians,    96 cartesian basis functions
    21 alpha electrons       20 beta electrons
       nuclear repulsion energy       211.5626387277 Hartrees.
 NAtoms=    9 NActive=    9 NUniq=    3 SFac= 4.00D+00 NAtFMM=   50 NAOKFM=F Big=F
 One-electron integrals computed using PRISM.
 NBasis=    96 RedAO= T  NBF=    72    24
 NBsUse=    96 1.00D-06 NBFU=    72    24
 Harris functional with IExCor=  402 diagonalized for initial guess.
 ExpMin= 1.61D-01 ExpMax= 4.17D+03 ExpMxC= 6.27D+02 IAcc=1 IRadAn=         1 AccDes= 0.00D+00
 HarFok:  IExCor=  402 AccDes= 0.00D+00 IRadAn=         1 IDoV= 1
 ScaDFX=  1.000000  1.000000  1.000000  1.000000
 FoFCou: FMM=F IPFlag=           0 FMFlag=      100000 FMFlg1=           0
         NFxFlg=           0 DoJE=T BraDBF=F KetDBF=T FulRan=T
         Omega=  0.000000  0.000000  1.000000  0.000000  0.000000 ICntrl=     500 IOpCl=  0
         NMat0=    1 NMatS0=    1 NMatT0=    0 NMatD0=    1 NMtDS0=    0 NMtDT0=    0
         I1Cent=           4 NGrid=           0.
 Petite list used in FoFCou.
 DSYEVD returned Info=         145 IAlg= 4 N=    72 NDim=    96 NE2=     4416466 trying DSYEV.
 Initial guess orbital symmetries:
 Alpha Orbitals:
       Occupied  (A') (E') (E') (A') (E') (E') (A') (E') (E') (E')
                 (E') (A') (A') (A") (E') (E') (A') (E") (E") (E')
                 (E')
       Virtual   (E") (E") (A") (A') (E') (E') (E') (E') (A') (E')
                 (E') (A') (A") (E') (E') (A') (E") (E") (A') (A')
                 (E') (E') (E") (E") (E') (E') (E') (E') (A') (A")
                 (A') (E') (E') (A') (E') (E') (A") (A") (E') (E')
                 (E") (E") (E") (E") (A') (A') (E') (E') (A') (A')
                 (E') (E') (E") (E") (E') (E') (E") (E") (A") (E')
                 (E') (A') (E') (E') (A") (E') (E') (A') (A') (E')
                 (E') (A') (E') (E') (A')
 Beta  Orbitals:
       Occupied  (A') (E') (E') (A') (E') (E') (A') (E') (E') (E')
                 (E') (A') (A') (A") (E') (E') (A') (E") (E") (E')
       Virtual   (E') (E") (E") (A") (A') (E') (E') (E') (E') (A')
                 (E') (E') (A') (A") (E') (E') (A') (E") (E") (A')
                 (A') (E') (E') (E") (E") (E') (E') (E') (E') (A')
                 (A") (A') (E') (E') (A') (E') (E') (A") (A") (E')
                 (E') (E") (E") (E") (E") (A') (A') (E') (E') (A')
                 (A') (E') (E') (E") (E") (E') (E') (E") (E") (A")
                 (E') (E') (A') (E') (E') (A") (E') (E') (A') (A')
                 (E') (E') (A') (E') (E') (A')
 Initial guess <Sx>= 0.0000 <Sy>= 0.0000 <Sz>= 0.5000 <S**2>= 0.7500 S= 0.5000
 Requested convergence on RMS density matrix=1.00D-08 within  64 cycles.
 Requested convergence on MAX density matrix=1.00D-06.
 Requested convergence on             energy=1.00D-06.
 No special actions if energy rises.
 Keep R1 and R2 ints in memory in canonical form, NReq=22709394.
 Integral accuracy reduced to 1.0D-05 until final iterations.
 Density matrix breaks symmetry, PCut= 1.00D-04
 Density has only Abelian symmetry.
 Density matrix breaks symmetry, PCut= 1.00D-04
 Density has only Abelian symmetry.
 Density matrix breaks symmetry, PCut= 1.00D-04
 Density has only Abelian symmetry.
 Density matrix breaks symmetry, PCut= 1.00D-04
 Density has only Abelian symmetry.
 Density matrix breaks symmetry, PCut= 1.00D-04
 Density has only Abelian symmetry.
 Density matrix breaks symmetry, PCut= 1.00D-04
 Density has only Abelian symmetry.
 Density matrix breaks symmetry, PCut= 1.00D-04
 Density has only Abelian symmetry.
 Density matrix breaks symmetry, PCut= 1.00D-04
 Density has only Abelian symmetry.
 Density matrix breaks symmetry, PCut= 1.00D-04
 Density has only Abelian symmetry.
 Density matrix breaks symmetry, PCut= 1.00D-04
 Density has only Abelian symmetry.
 Density matrix breaks symmetry, PCut= 1.00D-04
 Density has only Abelian symmetry.
 Density matrix breaks symmetry, PCut= 1.00D-04
 Density has only Abelian symmetry.
 Density matrix breaks symmetry, PCut= 1.00D-04
 Density has only Abelian symmetry.
 Density matrix breaks symmetry, PCut= 1.00D-04
 Density has only Abelian symmetry.
 Density matrix breaks symmetry, PCut= 1.00D-04
 Density has only Abelian symmetry.
 Density matrix breaks symmetry, PCut= 1.00D-04
 Density has only Abelian symmetry.
 Rare condition: small coef for last iteration:  0.000D+00
 Density matrix breaks symmetry, PCut= 1.00D-04
 Density has only Abelian symmetry.
 Rare condition: small coef for last iteration:  0.000D+00
 Problem detected with inexpensive integrals.
 Switching to full accuracy and repeating last cycle.
 Density matrix breaks symmetry, PCut= 1.00D-04
 Density has only Abelian symmetry.
 Density matrix breaks symmetry, PCut= 1.00D-04
 Density has only Abelian symmetry.
 Density matrix breaks symmetry, PCut= 1.00D-04
 Density has only Abelian symmetry.
 Density matrix breaks symmetry, PCut= 1.00D-04
 Density has only Abelian symmetry.
 Density matrix breaks symmetry, PCut= 1.00D-04
 Density has only Abelian symmetry.
 Density matrix breaks symmetry, PCut= 1.00D-04
 Density has only Abelian symmetry.
 Density matrix breaks symmetry, PCut= 1.00D-04
 Density has only Abelian symmetry.
 Density matrix breaks symmetry, PCut= 1.00D-04
 Density has only Abelian symmetry.
 Density matrix breaks symmetry, PCut= 1.00D-04
 Density has only Abelian symmetry.
 Density matrix breaks symmetry, PCut= 1.00D-04
 Density has only Abelian symmetry.
 Density matrix breaks symmetry, PCut= 1.00D-04
 Density has only Abelian symmetry.
 Density matrix breaks symmetry, PCut= 1.00D-04
 Density has only Abelian symmetry.
 Density matrix breaks symmetry, PCut= 1.00D-04
 Density has only Abelian symmetry.
 Density matrix breaks symmetry, PCut= 1.00D-04
 Density has only Abelian symmetry.
 Density matrix breaks symmetry, PCut= 1.00D-04
 Density has only Abelian symmetry.
 Density matrix breaks symmetry, PCut= 1.00D-04
 Density has only Abelian symmetry.
 Density matrix breaks symmetry, PCut= 1.00D-04
 Density has only Abelian symmetry.
 Density matrix breaks symmetry, PCut= 1.00D-04
 Density has only Abelian symmetry.
 Density matrix breaks symmetry, PCut= 1.00D-04
 Density has only Abelian symmetry.
 Density matrix breaks symmetry, PCut= 1.00D-04
 Density has only Abelian symmetry.
 Density matrix breaks symmetry, PCut= 1.00D-04
 Density has only Abelian symmetry.
 Density matrix breaks symmetry, PCut= 1.00D-04
 Density has only Abelian symmetry.
 Density matrix breaks symmetry, PCut= 1.00D-04
 Density has only Abelian symmetry.
 Density matrix breaks symmetry, PCut= 1.00D-04
 Density has only Abelian symmetry.
 SCF Done:  E(UB3LYP) =  -279.990235409     A.U. after   40 cycles
             Convg  =    0.1449D-08             -V/T =  2.0095
 <Sx>= 0.0000 <Sy>= 0.0000 <Sz>= 0.5000 <S**2>= 0.7589 S= 0.5044
 <L.S>= 0.000000000000E+00
 Annihilation of the first spin contaminant:
 S**2 before annihilation     0.7589,   after     0.7501
 QCSCF skips out because SCF is already converged.

 **********************************************************************

            Population analysis using the SCF density.

 **********************************************************************

 Orbital symmetries:
 Alpha Orbitals:
       Occupied  (?A) (?A) (?A) (?A) (?A) (?A) (?B) (?B) (?B) (?B)
                 (?B) (?B) (?B) (?C) (?B) (?B) (?B) (?C) (?B) (?C)
                 (?B)
       Virtual   (?C) (?C) (?C) (?B) (?B) (?B) (?B) (?B) (?B) (?B)
                 (?B) (?B) (?C) (?B) (?B) (?C) (?C) (?B) (?B) (?B)
                 (?B) (?B) (?C) (?C) (?B) (?B) (?B) (?B) (?B) (?C)
                 (?B) (?B) (?B) (?B) (?B) (?B) (?C) (?C) (?B) (?C)
                 (?B) (?C) (?C) (?B) (?C) (?B) (?B) (?B) (?B) (?B)
                 (?B) (?C) (?B) (?C) (?B) (?B) (?C) (?C) (?C) (?B)
                 (?B) (?B) (?B) (?B) (?C) (?B) (?B) (?B) (?B) (?B)
                 (?B) (?B) (?B) (?B) (?B)
 Beta  Orbitals:
       Occupied  (?A) (?A) (?A) (?A) (?A) (?A) (?B) (?B) (?B) (?B)
                 (?B) (?B) (?B) (?C) (?B) (?B) (?B) (?C) (?C) (?B)
       Virtual   (?B) (?C) (?C) (?C) (?B) (?B) (?B) (?B) (?B) (?B)
                 (?B) (?B) (?B) (?C) (?B) (?B) (?C) (?C) (?B) (?B)
                 (?B) (?B) (?B) (?C) (?C) (?B) (?B) (?B) (?B) (?B)
                 (?C) (?B) (?B) (?B) (?B) (?B) (?B) (?D) (?D) (?B)
                 (?B) (?D) (?D) (?D) (?B) (?D) (?B) (?B) (?B) (?B)
                 (?B) (?B) (?B) (?D) (?D) (?B) (?B) (?D) (?D) (?D)
                 (?B) (?B) (?B) (?B) (?B) (?D) (?B) (?B) (?B) (?B)
                 (?B) (?B) (?B) (?B) (?B) (?B)
 Unable to determine electronic state:  an orbital has unidentified symmetry.
 Alpha  occ. eigenvalues --  -14.67441 -14.67441 -14.60927 -10.55632 -10.53911
 Alpha  occ. eigenvalues --  -10.53910  -1.31074  -1.20000  -1.17361  -0.96226
 Alpha  occ. eigenvalues --   -0.95067  -0.82640  -0.80699  -0.71830  -0.69773
 Alpha  occ. eigenvalues --   -0.69519  -0.66498  -0.60926  -0.58893  -0.58545
 Alpha  occ. eigenvalues --   -0.52907
 Alpha virt. eigenvalues --   -0.31126  -0.30547  -0.14925  -0.08201  -0.05874
 Alpha virt. eigenvalues --   -0.05857  -0.00960  -0.00459   0.02541   0.07375
 Alpha virt. eigenvalues --    0.07990   0.15857   0.25572   0.31493   0.32849
 Alpha virt. eigenvalues --    0.34351   0.34782   0.37824   0.38391   0.39596
 Alpha virt. eigenvalues --    0.40963   0.41054   0.52230   0.54400   0.57443
 Alpha virt. eigenvalues --    0.58572   0.59780   0.60125   0.62642   0.66168
 Alpha virt. eigenvalues --    0.68669   0.70709   0.71739   0.90862   0.93474
 Alpha virt. eigenvalues --    0.93527   0.96395   1.07716   1.18202   1.18424
 Alpha virt. eigenvalues --    1.19225   1.20816   1.25023   1.25056   1.25611
 Alpha virt. eigenvalues --    1.41868   1.51707   1.54008   1.57695   1.67134
 Alpha virt. eigenvalues --    1.88257   1.88314   1.88749   1.88773   1.95142
 Alpha virt. eigenvalues --    1.95802   2.10007   2.10160   2.12245   2.22030
 Alpha virt. eigenvalues --    2.23405   2.30277   2.38330   2.39103   2.47196
 Alpha virt. eigenvalues --    2.56056   2.56865   2.76234   3.01635   3.56345
 Alpha virt. eigenvalues --    3.59371   3.86650   3.90486   3.90580   4.11524
  Beta  occ. eigenvalues --  -14.66350 -14.66349 -14.60756 -10.55636 -10.53940
  Beta  occ. eigenvalues --  -10.53940  -1.29908  -1.17976  -1.16589  -0.95405
  Beta  occ. eigenvalues --   -0.94250  -0.81538  -0.79669  -0.71316  -0.68443
  Beta  occ. eigenvalues --   -0.67852  -0.61495  -0.59803  -0.58269  -0.51453
  Beta virt. eigenvalues --   -0.46906  -0.30696  -0.30418  -0.14244  -0.08008
  Beta virt. eigenvalues --   -0.05709  -0.05448  -0.00533  -0.00017   0.03144
  Beta virt. eigenvalues --    0.08617   0.09047   0.16047   0.25407   0.33147
  Beta virt. eigenvalues --    0.33788   0.34133   0.34638   0.38711   0.39142
  Beta virt. eigenvalues --    0.40672   0.41687   0.42283   0.53161   0.54930
  Beta virt. eigenvalues --    0.59017   0.59249   0.60617   0.60693   0.62765
  Beta virt. eigenvalues --    0.66764   0.68780   0.71388   0.72229   0.91638
  Beta virt. eigenvalues --    0.94035   0.94068   0.96728   1.08686   1.19763
  Beta virt. eigenvalues --    1.20045   1.20558   1.21201   1.25250   1.25652
  Beta virt. eigenvalues --    1.25871   1.43025   1.53896   1.54841   1.58118
  Beta virt. eigenvalues --    1.68019   1.88675   1.89023   1.89132   1.89737
  Beta virt. eigenvalues --    1.95662   1.96133   2.10724   2.10749   2.13070
  Beta virt. eigenvalues --    2.23234   2.24046   2.30838   2.40031   2.40578
  Beta virt. eigenvalues --    2.47741   2.57310   2.57868   2.77669   3.02792
  Beta virt. eigenvalues --    3.58325   3.60249   3.87917   3.90548   3.90888
  Beta virt. eigenvalues --    4.11967
          Condensed to atoms (all electrons):
              1          2          3          4          5          6
     1  C    4.719476  -0.034303  -0.034775  -0.039086   0.414855   0.340484
     2  C   -0.034303   4.719476  -0.034775   0.340484   0.414855  -0.039086
     3  C   -0.034775  -0.034775   4.715129   0.353357  -0.039728   0.353357
     4  N   -0.039086   0.340484   0.353357   6.677977  -0.028225  -0.007632
     5  N    0.414855   0.414855  -0.039728  -0.028225   6.631393  -0.028225
     6  N    0.340484  -0.039086   0.353357  -0.007632  -0.028225   6.677977
     7  H    0.375942   0.005514   0.004694  -0.000153  -0.043035  -0.049862
     8  H    0.005514   0.375942   0.004694  -0.049862  -0.043035  -0.000153
     9  H    0.004214   0.004214   0.390358  -0.051195  -0.000474  -0.051195
              7          8          9
     1  C    0.375942   0.005514   0.004214
     2  C    0.005514   0.375942   0.004214
     3  C    0.004694   0.004694   0.390358
     4  N   -0.000153  -0.049862  -0.051195
     5  N   -0.043035  -0.043035  -0.000474
     6  N   -0.049862  -0.000153  -0.051195
     7  H    0.407724  -0.000024  -0.000089
     8  H   -0.000024   0.407724  -0.000089
     9  H   -0.000089  -0.000089   0.416172
 Mulliken atomic charges:
              1
     1  C    0.247680
     2  C    0.247680
     3  C    0.287688
     4  N   -0.195666
     5  N   -0.278379
     6  N   -0.195666
     7  H    0.299289
     8  H    0.299289
     9  H    0.288085
 Sum of Mulliken atomic charges =   1.00000
 Mulliken charges with hydrogens summed into heavy atoms:
              1
     1  C    0.546969
     2  C    0.546969
     3  C    0.575773
     4  N   -0.195666
     5  N   -0.278379
     6  N   -0.195666
 Sum of Mulliken charges with hydrogens summed into heavy atoms =   1.00000
          Atomic-Atomic Spin Densities.
              1          2          3          4          5          6
     1  C   -0.029276   0.005127  -0.000289  -0.001364   0.004467  -0.032932
     2  C    0.005127  -0.029276  -0.000289  -0.032932   0.004467  -0.001364
     3  C   -0.000289  -0.000289  -0.071648   0.019205   0.007636   0.019205
     4  N   -0.001364  -0.032932   0.019205   0.524620  -0.000714  -0.015781
     5  N    0.004467   0.004467   0.007636  -0.000714   0.069901  -0.000714
     6  N   -0.032932  -0.001364   0.019205  -0.015781  -0.000714   0.524621
     7  H    0.015536  -0.000315  -0.000410  -0.000400  -0.005304  -0.006773
     8  H   -0.000315   0.015536  -0.000410  -0.006773  -0.005304  -0.000400
     9  H   -0.000119  -0.000119  -0.002902   0.003812   0.000144   0.003812
              7          8          9
     1  C    0.015536  -0.000315  -0.000119
     2  C   -0.000315   0.015536  -0.000119
     3  C   -0.000410  -0.000410  -0.002902
     4  N   -0.000400  -0.006773   0.003812
     5  N   -0.005304  -0.005304   0.000144
     6  N   -0.006773  -0.000400   0.003812
     7  H    0.025917  -0.000044  -0.000009
     8  H   -0.000044   0.025917  -0.000009
     9  H   -0.000009  -0.000009  -0.006693
 Mulliken atomic spin densities:
              1
     1  C   -0.039166
     2  C   -0.039166
     3  C   -0.029903
     4  N    0.489672
     5  N    0.074578
     6  N    0.489672
     7  H    0.028198
     8  H    0.028198
     9  H   -0.002084
 Sum of Mulliken atomic spin densities =   1.00000
 Electronic spatial extent (au):  <R**2>=            368.4782
 Charge=              1.0000 electrons
 Dipole moment (field-independent basis, Debye):
    X=             -1.0800    Y=              0.0000    Z=              0.0000  Tot=              1.0800
 Quadrupole moment (field-independent basis, Debye-Ang):
   XX=            -25.2696   YY=            -21.3409   ZZ=            -31.3988
   XY=              0.0000   XZ=              0.0000   YZ=              0.0000
 Traceless Quadrupole moment (field-independent basis, Debye-Ang):
   XX=              0.7335   YY=              4.6622   ZZ=             -5.3957
   XY=              0.0000   XZ=              0.0000   YZ=              0.0000
 Octapole moment (field-independent basis, Debye-Ang**2):
  XXX=            -18.8971  YYY=              0.0000  ZZZ=              0.0000  XYY=             13.5338
  XXY=              0.0000  XXZ=              0.0000  XZZ=             -0.1474  YZZ=              0.0000
  YYZ=              0.0000  XYZ=              0.0000
 Hexadecapole moment (field-independent basis, Debye-Ang**3):
 XXXX=           -194.8342 YYYY=           -174.1792 ZZZZ=            -27.3625 XXXY=              0.0000
 XXXZ=              0.0000 YYYX=              0.0000 YYYZ=              0.0000 ZZZX=              0.0000
 ZZZY=              0.0000 XXYY=            -58.9984 XXZZ=            -41.7285 YYZZ=            -40.9842
 XXYZ=              0.0000 YYXZ=              0.0000 ZZXY=              0.0000
 N-N= 2.115626387277D+02 E-N=-1.587181222217D+03  KE= 4.148862019254D+02
 Symmetry A'   KE= 4.019075429225D+02
 Symmetry A"   KE= 1.297865900281D+01
                          Isotropic Fermi Contact Couplings
        Atom                 a.u.       MegaHertz       Gauss      10(-4) cm-1
     1  C(13)              0.00461       5.17992       1.84832       1.72783
     2  C(13)              0.00461       5.17994       1.84833       1.72784
     3  C(13)             -0.05163     -58.03996     -20.71010     -19.36005
     4  N(14)              0.23092      74.61210      26.62345      24.88792
     5  N(14)             -0.00089      -0.28642      -0.10220      -0.09554
     6  N(14)              0.23092      74.61212      26.62346      24.88792
     7  H(1)               0.01697      75.83708      27.06056      25.29653
     8  H(1)               0.01697      75.83712      27.06057      25.29654
     9  H(1)              -0.00159      -7.08784      -2.52912      -2.36425
 --------------------------------------------------------
       Center         ----  Spin Dipole Couplings  ----
                      3XX-RR        3YY-RR        3ZZ-RR
 --------------------------------------------------------
     1   Atom        0.047429      0.028675     -0.076103
     2   Atom        0.047429      0.028675     -0.076103
     3   Atom       -0.057327      0.195606     -0.138279
     4   Atom       -0.420176      0.842029     -0.421853
     5   Atom       -0.106959      0.160636     -0.053676
     6   Atom       -0.420176      0.842029     -0.421853
     7   Atom        0.011982     -0.000703     -0.011279
     8   Atom        0.011982     -0.000703     -0.011279
     9   Atom        0.010188      0.004848     -0.015036
 --------------------------------------------------------
                        XY            XZ            YZ
 --------------------------------------------------------
     1   Atom       -0.031962      0.000000      0.000000
     2   Atom        0.031962      0.000000      0.000000
     3   Atom        0.000000      0.000000      0.000000
     4   Atom        0.446937      0.000000      0.000000
     5   Atom        0.000000      0.000000      0.000000
     6   Atom       -0.446938      0.000000      0.000000
     7   Atom        0.011720      0.000000      0.000000
     8   Atom       -0.011720      0.000000      0.000000
     9   Atom        0.000000      0.000000      0.000000
 --------------------------------------------------------


 ---------------------------------------------------------------------------------
              Anisotropic Spin Dipole Couplings in Principal Axis System
 ---------------------------------------------------------------------------------

       Atom             a.u.   MegaHertz   Gauss  10(-4) cm-1        Axes

              Baa    -0.0761   -10.212    -3.644    -3.406  0.0000  0.0000  1.0000
     1 C(13)  Bbb     0.0047     0.636     0.227     0.212  0.5994  0.8005  0.0000
              Bcc     0.0714     9.576     3.417     3.194  0.8005 -0.5994  0.0000
 
              Baa    -0.0761   -10.212    -3.644    -3.406  0.0000  0.0000  1.0000
     2 C(13)  Bbb     0.0047     0.636     0.227     0.212 -0.5994  0.8005  0.0000
              Bcc     0.0714     9.576     3.417     3.194  0.8005  0.5994  0.0000
 
              Baa    -0.1383   -18.556    -6.621    -6.190  0.0000  0.0000  1.0000
     3 C(13)  Bbb    -0.0573    -7.693    -2.745    -2.566  1.0000  0.0000  0.0000
              Bcc     0.1956    26.249     9.366     8.756  0.0000  1.0000  0.0000
 
              Baa    -0.5624   -21.691    -7.740    -7.235  0.9529 -0.3032  0.0000
     4 N(14)  Bbb    -0.4219   -16.270    -5.806    -5.427  0.0000  0.0000  1.0000
              Bcc     0.9843    37.961    13.545    12.662  0.3032  0.9529  0.0000
 
              Baa    -0.1070    -4.125    -1.472    -1.376  1.0000  0.0000  0.0000
     5 N(14)  Bbb    -0.0537    -2.070    -0.739    -0.691  0.0000  0.0000  1.0000
              Bcc     0.1606     6.195     2.211     2.067  0.0000  1.0000  0.0000
 
              Baa    -0.5624   -21.691    -7.740    -7.235  0.9529  0.3032  0.0000
     6 N(14)  Bbb    -0.4219   -16.270    -5.806    -5.427  0.0000  0.0000  1.0000
              Bcc     0.9843    37.961    13.545    12.662 -0.3032  0.9529  0.0000
 
              Baa    -0.0113    -6.018    -2.147    -2.007  0.0000  0.0000  1.0000
     7 H(1)   Bbb    -0.0077    -4.101    -1.463    -1.368 -0.5119  0.8591  0.0000
              Bcc     0.0190    10.119     3.611     3.375  0.8591  0.5119  0.0000
 
              Baa    -0.0113    -6.018    -2.147    -2.007  0.0000  0.0000  1.0000
     8 H(1)   Bbb    -0.0077    -4.101    -1.463    -1.368  0.5119  0.8591  0.0000
              Bcc     0.0190    10.119     3.611     3.375  0.8591 -0.5119  0.0000
 
              Baa    -0.0150    -8.023    -2.863    -2.676  0.0000  0.0000  1.0000
     9 H(1)   Bbb     0.0048     2.587     0.923     0.863  0.0000  1.0000  0.0000
              Bcc     0.0102     5.436     1.940     1.813  1.0000  0.0000  0.0000
 

 ---------------------------------------------------------------------------------

 1\1\GINC-CCCBDB7\SP\UB3LYP\6-31G(d)\C3H3N3(1+,2)\RDJ3\14-Mar-2014\0\\#
 B3LYP/6-31G* scf=xqc\\triazine135 1,3,5-Triazine casno=290879 state=1 
 config=1 method=8 basis=1\\1,2\C,0,0.,1.294205,0.\C,0,1.120814,-0.6471
 02,0.\C,0,-1.120814,-0.647102,0.\N,0,0.,-1.37599,0.\N,0,1.191642,0.687
 995,0.\N,0,-1.191642,0.687995,0.\H,0,0.,2.382828,0.\H,0,2.06359,-1.191
 414,0.\H,0,-2.06359,-1.191414,0.\\Version=EM64L-G09RevB.01\HF=-279.990
 2354\S2=0.758906\S2-1=0.\S2A=0.750061\RMSD=1.449e-09\Dipole=-0.3679872
 ,-0.2124574,0.\Quadrupole=1.2755537,2.7360129,-4.0115666,-1.2647957,0.
 ,0.\PG=C03H [SGH(C3H3N3)]\\@


      HUMANKIND PERIODICALLY GOES THROUGH A SPEEDUP OF ITS AFFAIRS, 
      THEREBY EXPERIENCING THE RACE BETWEEN THE RENEWABLE VITALITY
      OF THE LIVING, AND THE BECKONING VITIATION OF DECADENCE.
      IN THIS PERIODIC RACE, ANY PAUSE BECOMES A LUXURY.
      ONLY THEN CAN ONE REFLECT THAT ALL IS PERMITTED;
      ALL IS POSSIBLE.

                              -- THE APOCRYPHA OF MUAD'DIB
                                 CHILDREN OF DUNE, BY FRANK HERBERT
 Job cpu time:  0 days  0 hours  2 minutes 13.7 seconds.
 File lengths (MBytes):  RWF=     10 Int=      0 D2E=      0 Chk=      2 Scr=      1
 Normal termination of Gaussian 09 at Fri Mar 14 14:12:40 2014.
